[{"id":1,"name":"test name 1","address":"test address 1","region":"test region 1"},{"id":2,"name":"test name 2","address":"test address 2","region":"test region 2"}]
