{"type":"https://tools.ietf.org/html/rfc7231#section-6.5.1","title":"One or more validation errors occurred.","status":400,"traceId":"|8500f3fd-41039f9d9bc96db0.","errors":{"Name":["The Name field is required."]}}
