{"type":"https://tools.ietf.org/html/rfc7231#section-6.5.1","title":"One or more validation errors occurred.","status":400,"traceId":"|8af7a09d-420f2d536030e4e5.","errors":{"Name":["The field Name must be a string with a maximum length of 255."]}}
