{
  "Value": {
    "Id": 1,
    "Name": "test name",
    "Address": "Zandpoortvest",
    "StreetNumber": "60",
    "Region": "Mechelen"
  },
  "Formatters": [],
  "ContentTypes": [],
  "DeclaredType": null,
  "StatusCode": 200
}
