{
  "Location": "/stores/1",
  "Value": {
    "Id": 1,
    "Name": "test name",
    "Address": "test address",
    "Region": "test region"
  },
  "Formatters": [],
  "ContentTypes": [],
  "DeclaredType": null,
  "StatusCode": 201
}
