{
  "Value": [
    {
      "Id": 1,
      "Name": "test name 1",
      "Address": "Zandpoortvest",
      "StreetNumber": "60",
      "Region": "Mechelen"
    },
    {
      "Id": 2,
      "Name": "test name 2",
      "Address": "Zandpoortvest",
      "StreetNumber": "60",
      "Region": "Mechelen"
    },
    {
      "Id": 3,
      "Name": "test name 3",
      "Address": "Zandpoortvest",
      "StreetNumber": "60",
      "Region": "Mechelen"
    }
  ],
  "Formatters": [],
  "ContentTypes": [],
  "DeclaredType": null,
  "StatusCode": 200
}
