{"id":1,"store_id":123,"bouquet_id":123,"amount":123}
