[{"id":1,"name":"test name 1","price":123,"description":"test description 1"},{"id":2,"name":"test name 2","price":456,"description":"test description 2"}]
