{"id":1,"name":"test name","price":123,"description":"test description"}
