{"type":"https://tools.ietf.org/html/rfc7231#section-6.5.1","title":"One or more validation errors occurred.","status":400,"traceId":"|dc7488fc-453b9cc6e9be8ad4.","errors":{"Name":["The field Name must be a string with a maximum length of 255."]}}
