{"type":"https://tools.ietf.org/html/rfc7231#section-6.5.1","title":"One or more validation errors occurred.","status":400,"traceId":"|dc748905-453b9cc6e9be8ad4.","errors":{"Name":["The Name field is required."]}}
