{
  "Location": "/bouquets/1",
  "Value": {
    "Id": 1,
    "Name": "test name",
    "Price": 10,
    "Description": "test description"
  },
  "Formatters": [],
  "ContentTypes": [],
  "DeclaredType": null,
  "StatusCode": 201
}
