{
  "Value": {
    "Id": 1,
    "Name": "test name 3",
    "Price": 123,
    "Description": "test description 3"
  },
  "Formatters": [],
  "ContentTypes": [],
  "DeclaredType": null,
  "StatusCode": 200
}
