{"id":3,"store_id":123,"bouquet_id":123,"amount":123}
