[{"id":1,"store_id":1,"bouquet_id":1,"amount":1},{"id":2,"store_id":2,"bouquet_id":2,"amount":2}]
