{
  "Id": 3,
  "Name": "test name",
  "Address": "test address",
  "Region": "test region"
}
