[{"id":1,"name":"test name 1","address":"Zandpoortvest","streetNumber":"60","region":"Mechelen"},{"id":2,"name":"test name 2","address":"Zandpoortvest","streetNumber":"60","region":"Mechelen"}]
