{
  "Id": 4,
  "Name": "",
  "Address": "Zandpoortvest",
  "StreetNumber": "60",
  "Region": "Mechelen"
}
